{
  "version": "1.5.0",
  "plugins_used": [
    {
      "name": "ArtifactoryDetector"
    },
    {
      "name": "AWSKeyDetector"
    },
    {
      "name": "AzureStorageKeyDetector"
    },
    {
      "name": "Base64HighEntropyString",
      "limit": 4.5
    },
    {
      "name": "BasicAuthDetector"
    },
    {
      "name": "CloudantDetector"
    },
    {
      "name": "DiscordBotTokenDetector"
    },
    {
      "name": "GitHubTokenDetector"
    },
    {
      "name": "GitLabTokenDetector"
    },
    {
      "name": "HexHighEntropyString",
      "limit": 3.0
    },
    {
      "name": "IbmCloudIamDetector"
    },
    {
      "name": "IbmCosHmacDetector"
    },
    {
      "name": "IPPublicDetector"
    },
    {
      "name": "JwtTokenDetector"
    },
    {
      "name": "KeywordDetector",
      "keyword_exclude": ""
    },
    {
      "name": "MailchimpDetector"
    },
    {
      "name": "NpmDetector"
    },
    {
      "name": "OpenAIDetector"
    },
    {
      "name": "PrivateKeyDetector"
    },
    {
      "name": "PypiTokenDetector"
    },
    {
      "name": "SendGridDetector"
    },
    {
      "name": "SlackDetector"
    },
    {
      "name": "SoftlayerDetector"
    },
    {
      "name": "SquareOAuthDetector"
    },
    {
      "name": "StripeDetector"
    },
    {
      "name": "TelegramBotTokenDetector"
    },
    {
      "name": "TwilioKeyDetector"
    }
  ],
  "filters_used": [
    {
      "path": "detect_secrets.filters.allowlist.is_line_allowlisted"
    },
    {
      "path": "detect_secrets.filters.common.is_baseline_file",
      "filename": ".secrets.baseline"
    },
    {
      "path": "detect_secrets.filters.common.is_ignored_due_to_verification_policies",
      "min_level": 2
    },
    {
      "path": "detect_secrets.filters.heuristic.is_indirect_reference"
    },
    {
      "path": "detect_secrets.filters.heuristic.is_likely_id_string"
    },
    {
      "path": "detect_secrets.filters.heuristic.is_lock_file"
    },
    {
      "path": "detect_secrets.filters.heuristic.is_not_alphanumeric_string"
    },
    {
      "path": "detect_secrets.filters.heuristic.is_potential_uuid"
    },
    {
      "path": "detect_secrets.filters.heuristic.is_prefixed_with_dollar_sign"
    },
    {
      "path": "detect_secrets.filters.heuristic.is_sequential_string"
    },
    {
      "path": "detect_secrets.filters.heuristic.is_swagger_file"
    },
    {
      "path": "detect_secrets.filters.heuristic.is_templated_secret"
    }
  ],
  "results": {
    ".env.example": [
      {
        "type": "Basic Auth Credentials",
        "filename": ".env.example",
        "hashed_secret": "5baa61e4c9b93f3f0682250b6cf8331b7ee68fd8",
        "is_verified": false,
        "line_number": 14
      },
      {
        "type": "Secret Keyword",
        "filename": ".env.example",
        "hashed_secret": "1e8f525051bf00681da82ac46e5fca87c7f48f30",
        "is_verified": false,
        "line_number": 174
      },
      {
        "type": "Secret Keyword",
        "filename": ".env.example",
        "hashed_secret": "ff038b491fe469133a2158e33b8097e331f3f67d",
        "is_verified": false,
        "line_number": 227
      }
    ],
    ".github/workflows/python-package-conda.yml": [
      {
        "type": "Basic Auth Credentials",
        "filename": ".github/workflows/python-package-conda.yml",
        "hashed_secret": "a94a8fe5ccb19ba61c4c0873d391e987982fbbd3",
        "is_verified": false,
        "line_number": 13
      },
      {
        "type": "Secret Keyword",
        "filename": ".github/workflows/python-package-conda.yml",
        "hashed_secret": "2ec49e283120f9d3240aff6a6708a4e6075db229",
        "is_verified": false,
        "line_number": 14
      }
    ],
    "README.md": [
      {
        "type": "Basic Auth Credentials",
        "filename": "README.md",
        "hashed_secret": "5baa61e4c9b93f3f0682250b6cf8331b7ee68fd8",
        "is_verified": false,
        "line_number": 235
      },
      {
        "type": "Secret Keyword",
        "filename": "README.md",
        "hashed_secret": "4e6ddf2f963497b0af44c93cca7137954c5e16d4",
        "is_verified": false,
        "line_number": 420
      },
      {
        "type": "Secret Keyword",
        "filename": "README.md",
        "hashed_secret": "1cdaf1cba60c73a680555adf0d931ac19c8a983b",
        "is_verified": false,
        "line_number": 435
      },
      {
        "type": "Secret Keyword",
        "filename": "README.md",
        "hashed_secret": "d5162b7bbd509b3d9f8991010a7485b1e735b0ed",
        "is_verified": false,
        "line_number": 461
      }
    ],
    "backend/scripts/database.py": [
      {
        "type": "Secret Keyword",
        "filename": "backend/scripts/database.py",
        "hashed_secret": "5baa61e4c9b93f3f0682250b6cf8331b7ee68fd8",
        "is_verified": false,
        "line_number": 59
      },
      {
        "type": "Secret Keyword",
        "filename": "backend/scripts/database.py",
        "hashed_secret": "afc848c316af1a89d49826c5ae9d00ed769415f3",
        "is_verified": false,
        "line_number": 64
      }
    ],
    "backend/scripts/run_dev.py": [
      {
        "type": "Basic Auth Credentials",
        "filename": "backend/scripts/run_dev.py",
        "hashed_secret": "5baa61e4c9b93f3f0682250b6cf8331b7ee68fd8",
        "is_verified": false,
        "line_number": 23
      }
    ],
    "backend/src/shu/services/plugin_identity.py": [
      {
        "type": "Secret Keyword",
        "filename": "backend/src/shu/services/plugin_identity.py",
        "hashed_secret": "db45ce5f1f095adf12f522155a9577119e3903bb",
        "is_verified": false,
        "line_number": 197
      }
    ],
    "backend/src/shu/services/plugin_secrets.py": [
      {
        "type": "Secret Keyword",
        "filename": "backend/src/shu/services/plugin_secrets.py",
        "hashed_secret": "e5e9fa1ba31ecd1ae84f75caaa474f3a663f05f4",
        "is_verified": false,
        "line_number": 29
      }
    ],
    "backend/src/shu/static/redoc.standalone.js": [
      {
        "type": "Secret Keyword",
        "filename": "backend/src/shu/static/redoc.standalone.js",
        "hashed_secret": "18e8825cfbdac2baadd667383d22165713d4d4b5",
        "is_verified": false,
        "line_number": 2
      },
      {
        "type": "Secret Keyword",
        "filename": "backend/src/shu/static/redoc.standalone.js",
        "hashed_secret": "53e07a32bf191d6917ee6fd863f0b52632a86798",
        "is_verified": false,
        "line_number": 2
      },
      {
        "type": "Base64 High Entropy String",
        "filename": "backend/src/shu/static/redoc.standalone.js",
        "hashed_secret": "fd8201493aad9512bb25129219813806e68b2c51",
        "is_verified": false,
        "line_number": 2
      },
      {
        "type": "Secret Keyword",
        "filename": "backend/src/shu/static/redoc.standalone.js",
        "hashed_secret": "47acd2028cf81b5da88ddeedb2aea4eca4b71fbd",
        "is_verified": false,
        "line_number": 1326
      }
    ],
    "backend/src/tests/integ/helpers/auth.py": [
      {
        "type": "Secret Keyword",
        "filename": "backend/src/tests/integ/helpers/auth.py",
        "hashed_secret": "49efef5f70d47adc2db2eb397fbef5f7bc560e29",
        "is_verified": false,
        "line_number": 12
      }
    ],
    "backend/src/tests/integ/test_api_key_unit.py": [
      {
        "type": "Secret Keyword",
        "filename": "backend/src/tests/integ/test_api_key_unit.py",
        "hashed_secret": "3758a18ea541ba3e23af4a506bc43dfd4010a504",
        "is_verified": false,
        "line_number": 24
      },
      {
        "type": "Secret Keyword",
        "filename": "backend/src/tests/integ/test_api_key_unit.py",
        "hashed_secret": "2e87deda23bb7e103e3797bfcfe28243b15ea651",
        "is_verified": false,
        "line_number": 124
      },
      {
        "type": "Secret Keyword",
        "filename": "backend/src/tests/integ/test_api_key_unit.py",
        "hashed_secret": "f7a75342741955b2b9b66b55a78e5061f321ff44",
        "is_verified": false,
        "line_number": 197
      }
    ],
    "backend/src/tests/integ/test_attachments_integration.py": [
      {
        "type": "Secret Keyword",
        "filename": "backend/src/tests/integ/test_attachments_integration.py",
        "hashed_secret": "f34726080e2522adc2ee1698bd99d23249a3be6a",
        "is_verified": false,
        "line_number": 26
      }
    ],
    "backend/src/tests/integ/test_auth_integration.py": [
      {
        "type": "Secret Keyword",
        "filename": "backend/src/tests/integ/test_auth_integration.py",
        "hashed_secret": "e56c2ab385dc19ab3b45ba57adf9ea37f4243662",
        "is_verified": false,
        "line_number": 72
      },
      {
        "type": "Secret Keyword",
        "filename": "backend/src/tests/integ/test_auth_integration.py",
        "hashed_secret": "79c73e03cd3d8e2744020eb4101f0f498136d9b1",
        "is_verified": false,
        "line_number": 151
      },
      {
        "type": "Secret Keyword",
        "filename": "backend/src/tests/integ/test_auth_integration.py",
        "hashed_secret": "5a0aee0f3af308cd6d74d617fde6592c2bc94fa3",
        "is_verified": false,
        "line_number": 231
      }
    ],
    "backend/src/tests/integ/test_chat_comprehensive_integration.py": [
      {
        "type": "Secret Keyword",
        "filename": "backend/src/tests/integ/test_chat_comprehensive_integration.py",
        "hashed_secret": "47abc723edf95a5328c25d9fb32b185788a9b337",
        "is_verified": false,
        "line_number": 300
      }
    ],
    "backend/src/tests/integ/test_chat_integration.py": [
      {
        "type": "Secret Keyword",
        "filename": "backend/src/tests/integ/test_chat_integration.py",
        "hashed_secret": "74ba31d41223751c75cc0a453dd7df04889bdc72",
        "is_verified": false,
        "line_number": 33
      },
      {
        "type": "Secret Keyword",
        "filename": "backend/src/tests/integ/test_chat_integration.py",
        "hashed_secret": "2b03e70aa60e4b6b23539e65adc09dccbed55fc4",
        "is_verified": false,
        "line_number": 417
      },
      {
        "type": "Secret Keyword",
        "filename": "backend/src/tests/integ/test_chat_integration.py",
        "hashed_secret": "106fdea443c3d6d4820e2e7d220b38965c5f1dd2",
        "is_verified": false,
        "line_number": 513
      },
      {
        "type": "Secret Keyword",
        "filename": "backend/src/tests/integ/test_chat_integration.py",
        "hashed_secret": "8297a7ad8df184ba3e973c046bf9cb3827d373dd",
        "is_verified": false,
        "line_number": 615
      },
      {
        "type": "Secret Keyword",
        "filename": "backend/src/tests/integ/test_chat_integration.py",
        "hashed_secret": "4383dd32dfe2405a0ca03e4041cd7abf33f9ed2f",
        "is_verified": false,
        "line_number": 707
      }
    ],
    "backend/src/tests/integ/test_chat_production_scenarios.py": [
      {
        "type": "Secret Keyword",
        "filename": "backend/src/tests/integ/test_chat_production_scenarios.py",
        "hashed_secret": "c76d0fce828fb2dff88b20710291ac129ecaa7ce",
        "is_verified": false,
        "line_number": 34
      },
      {
        "type": "Secret Keyword",
        "filename": "backend/src/tests/integ/test_chat_production_scenarios.py",
        "hashed_secret": "f877fc050801acb95d93abefc04e17f841bdbea0",
        "is_verified": false,
        "line_number": 165
      }
    ],
    "backend/src/tests/integ/test_chat_reference_integration.py": [
      {
        "type": "Secret Keyword",
        "filename": "backend/src/tests/integ/test_chat_reference_integration.py",
        "hashed_secret": "74ba31d41223751c75cc0a453dd7df04889bdc72",
        "is_verified": false,
        "line_number": 24
      }
    ],
    "backend/src/tests/integ/test_end_to_end_workflows.py": [
      {
        "type": "Secret Keyword",
        "filename": "backend/src/tests/integ/test_end_to_end_workflows.py",
        "hashed_secret": "2701e447ba818c6ceaff450367b71c8b8fd5de24",
        "is_verified": false,
        "line_number": 33
      },
      {
        "type": "Secret Keyword",
        "filename": "backend/src/tests/integ/test_end_to_end_workflows.py",
        "hashed_secret": "a3f35c23289903293fcd276a4d22b9c28a50f1f0",
        "is_verified": false,
        "line_number": 149
      },
      {
        "type": "Secret Keyword",
        "filename": "backend/src/tests/integ/test_end_to_end_workflows.py",
        "hashed_secret": "77196ddc81280b913ddcde5374d7c6cf50c3ac2d",
        "is_verified": false,
        "line_number": 309
      },
      {
        "type": "Secret Keyword",
        "filename": "backend/src/tests/integ/test_end_to_end_workflows.py",
        "hashed_secret": "0a42fa4c6313b2ab63050384693cc8a94bdc5678",
        "is_verified": false,
        "line_number": 457
      }
    ],
    "backend/src/tests/integ/test_host_auth_oauth_flows_integration.py": [
      {
        "type": "Secret Keyword",
        "filename": "backend/src/tests/integ/test_host_auth_oauth_flows_integration.py",
        "hashed_secret": "3c4f42489797614bf1ae47f81d4ad3d83b928849",
        "is_verified": false,
        "line_number": 65
      }
    ],
    "backend/src/tests/integ/test_host_capabilities_integration.py": [
      {
        "type": "Secret Keyword",
        "filename": "backend/src/tests/integ/test_host_capabilities_integration.py",
        "hashed_secret": "56b66b4fab10e0591f6391e2a5a83c0a3d799b6e",
        "is_verified": false,
        "line_number": 170
      }
    ],
    "backend/src/tests/integ/test_llm_base_models_integration.py": [
      {
        "type": "Secret Keyword",
        "filename": "backend/src/tests/integ/test_llm_base_models_integration.py",
        "hashed_secret": "ac4cba60c44cd01681b1f4679a707190c58f230a",
        "is_verified": false,
        "line_number": 24
      }
    ],
    "backend/src/tests/integ/test_llm_integration.py": [
      {
        "type": "Secret Keyword",
        "filename": "backend/src/tests/integ/test_llm_integration.py",
        "hashed_secret": "74ba31d41223751c75cc0a453dd7df04889bdc72",
        "is_verified": false,
        "line_number": 24
      }
    ],
    "backend/src/tests/integ/test_llm_unit_migrated.py": [
      {
        "type": "Secret Keyword",
        "filename": "backend/src/tests/integ/test_llm_unit_migrated.py",
        "hashed_secret": "fea6f59cb043aef2f2401ac87fb69764b6d5ae5d",
        "is_verified": false,
        "line_number": 34
      }
    ],
    "backend/src/tests/integ/test_microsoft_sso_integration.py": [
      {
        "type": "Secret Keyword",
        "filename": "backend/src/tests/integ/test_microsoft_sso_integration.py",
        "hashed_secret": "76d272348754c134485ac7c657f4ff5d1d761324",
        "is_verified": false,
        "line_number": 242
      }
    ],
    "backend/src/tests/integ/test_model_config_kb_prompts_integration.py": [
      {
        "type": "Secret Keyword",
        "filename": "backend/src/tests/integ/test_model_config_kb_prompts_integration.py",
        "hashed_secret": "fd7fc70e0aecf15e1b35d4e9393cca2cfaf482d4",
        "is_verified": false,
        "line_number": 26
      }
    ],
    "backend/src/tests/integ/test_model_configuration_integration.py": [
      {
        "type": "Secret Keyword",
        "filename": "backend/src/tests/integ/test_model_configuration_integration.py",
        "hashed_secret": "64e6d84f63bc07dc669440c0c1e563def4a37916",
        "is_verified": false,
        "line_number": 38
      }
    ],
    "backend/src/tests/integ/test_oauth_encryption_integration.py": [
      {
        "type": "Secret Keyword",
        "filename": "backend/src/tests/integ/test_oauth_encryption_integration.py",
        "hashed_secret": "03f5e2d670af3e9183f3fe790785b0d41291a17d",
        "is_verified": false,
        "line_number": 115
      }
    ],
    "backend/src/tests/integ/test_rag_integration.py": [
      {
        "type": "Secret Keyword",
        "filename": "backend/src/tests/integ/test_rag_integration.py",
        "hashed_secret": "74ba31d41223751c75cc0a453dd7df04889bdc72",
        "is_verified": false,
        "line_number": 21
      }
    ],
    "backend/src/tests/integ/test_reference_processing_integration.py": [
      {
        "type": "Secret Keyword",
        "filename": "backend/src/tests/integ/test_reference_processing_integration.py",
        "hashed_secret": "74ba31d41223751c75cc0a453dd7df04889bdc72",
        "is_verified": false,
        "line_number": 25
      }
    ],
    "backend/src/tests/integ/test_tools_capabilities_integration.py": [
      {
        "type": "Private Key",
        "filename": "backend/src/tests/integ/test_tools_capabilities_integration.py",
        "hashed_secret": "1348b145fa1a555461c1b790a2f66614781091e9",
        "is_verified": false,
        "line_number": 64
      }
    ],
    "backend/src/tests/unit/conftest.py": [
      {
        "type": "Basic Auth Credentials",
        "filename": "backend/src/tests/unit/conftest.py",
        "hashed_secret": "a94a8fe5ccb19ba61c4c0873d391e987982fbbd3",
        "is_verified": false,
        "line_number": 12
      },
      {
        "type": "Base64 High Entropy String",
        "filename": "backend/src/tests/unit/conftest.py",
        "hashed_secret": "1a4bbc562dc29ba7d1039b18552e7790a94da2eb",
        "is_verified": false,
        "line_number": 14
      },
      {
        "type": "Base64 High Entropy String",
        "filename": "backend/src/tests/unit/conftest.py",
        "hashed_secret": "791ccecce548ebbea6962d718fa32ed91cadeb58",
        "is_verified": false,
        "line_number": 15
      },
      {
        "type": "Secret Keyword",
        "filename": "backend/src/tests/unit/conftest.py",
        "hashed_secret": "d4e0e04792fd434b5dc9c4155c178f66edcf4ed3",
        "is_verified": false,
        "line_number": 44
      }
    ],
    "backend/src/tests/unit/plugins/test_executor_cache_operations.py": [
      {
        "type": "Basic Auth Credentials",
        "filename": "backend/src/tests/unit/plugins/test_executor_cache_operations.py",
        "hashed_secret": "a94a8fe5ccb19ba61c4c0873d391e987982fbbd3",
        "is_verified": false,
        "line_number": 20
      }
    ],
    "backend/src/tests/unit/plugins/test_rate_limit.py": [
      {
        "type": "Basic Auth Credentials",
        "filename": "backend/src/tests/unit/plugins/test_rate_limit.py",
        "hashed_secret": "a94a8fe5ccb19ba61c4c0873d391e987982fbbd3",
        "is_verified": false,
        "line_number": 13
      }
    ],
    "backend/src/tests/unit/services/providers/adapters/shared.py": [
      {
        "type": "Base64 High Entropy String",
        "filename": "backend/src/tests/unit/services/providers/adapters/shared.py",
        "hashed_secret": "74e64dd46117bf8e19c03aaeff00e8db9a974b2f",
        "is_verified": false,
        "line_number": 714
      },
      {
        "type": "Base64 High Entropy String",
        "filename": "backend/src/tests/unit/services/providers/adapters/shared.py",
        "hashed_secret": "9e134eb7b47cdafb9c5178fdd5b43ee65f92c5ef",
        "is_verified": false,
        "line_number": 1278
      },
      {
        "type": "Base64 High Entropy String",
        "filename": "backend/src/tests/unit/services/providers/adapters/shared.py",
        "hashed_secret": "f06fc59bfae88a16d0d0b8132fd80d3ba56f19d9",
        "is_verified": false,
        "line_number": 1300
      },
      {
        "type": "Base64 High Entropy String",
        "filename": "backend/src/tests/unit/services/providers/adapters/shared.py",
        "hashed_secret": "fa10bef11e9f029804cd0f71918ba402e59207f9",
        "is_verified": false,
        "line_number": 1890
      },
      {
        "type": "Base64 High Entropy String",
        "filename": "backend/src/tests/unit/services/providers/adapters/shared.py",
        "hashed_secret": "b4a21a3fff997b788641412a78bac1953f372892",
        "is_verified": false,
        "line_number": 1932
      },
      {
        "type": "Base64 High Entropy String",
        "filename": "backend/src/tests/unit/services/providers/adapters/shared.py",
        "hashed_secret": "82a01970bcebe49c3ed96cdd62d54f5ed1e5f822",
        "is_verified": false,
        "line_number": 1974
      }
    ],
    "backend/src/tests/unit/services/test_error_sanitization.py": [
      {
        "type": "Base64 High Entropy String",
        "filename": "backend/src/tests/unit/services/test_error_sanitization.py",
        "hashed_secret": "234e52bcaa4195914150409ac7fba61b15f4e6ef",
        "is_verified": false,
        "line_number": 137
      },
      {
        "type": "Secret Keyword",
        "filename": "backend/src/tests/unit/services/test_error_sanitization.py",
        "hashed_secret": "234e52bcaa4195914150409ac7fba61b15f4e6ef",
        "is_verified": false,
        "line_number": 137
      },
      {
        "type": "Secret Keyword",
        "filename": "backend/src/tests/unit/services/test_error_sanitization.py",
        "hashed_secret": "13951588fd3325e25ed1e3b116d7009fb221c85e",
        "is_verified": false,
        "line_number": 156
      }
    ],
    "backend/src/tests/unit/services/test_rate_limiting.py": [
      {
        "type": "Basic Auth Credentials",
        "filename": "backend/src/tests/unit/services/test_rate_limiting.py",
        "hashed_secret": "a94a8fe5ccb19ba61c4c0873d391e987982fbbd3",
        "is_verified": false,
        "line_number": 17
      }
    ],
    "deployment/compose/docker-compose.yml": [
      {
        "type": "Secret Keyword",
        "filename": "deployment/compose/docker-compose.yml",
        "hashed_secret": "5baa61e4c9b93f3f0682250b6cf8331b7ee68fd8",
        "is_verified": false,
        "line_number": 81
      }
    ],
    "docs/deployment/DEPLOYMENT_GUIDE.md": [
      {
        "type": "Basic Auth Credentials",
        "filename": "docs/deployment/DEPLOYMENT_GUIDE.md",
        "hashed_secret": "5baa61e4c9b93f3f0682250b6cf8331b7ee68fd8",
        "is_verified": false,
        "line_number": 196
      },
      {
        "type": "Basic Auth Credentials",
        "filename": "docs/deployment/DEPLOYMENT_GUIDE.md",
        "hashed_secret": "5baa61e4c9b93f3f0682250b6cf8331b7ee68fd8",
        "is_verified": false,
        "line_number": 210
      }
    ],
    "docs/onboarding/EXTERNAL_CLIENT_INTEGRATION.md": [
      {
        "type": "Secret Keyword",
        "filename": "docs/onboarding/EXTERNAL_CLIENT_INTEGRATION.md",
        "hashed_secret": "45d676e7c6ab44cf4b8fa366ef2d8fccd3e6d6e6",
        "is_verified": false,
        "line_number": 56
      },
      {
        "type": "Secret Keyword",
        "filename": "docs/onboarding/EXTERNAL_CLIENT_INTEGRATION.md",
        "hashed_secret": "11fa7c37d697f30e6aee828b4426a10f83ab2380",
        "is_verified": false,
        "line_number": 290
      }
    ],
    "docs/onboarding/README.md": [
      {
        "type": "Basic Auth Credentials",
        "filename": "docs/onboarding/README.md",
        "hashed_secret": "5baa61e4c9b93f3f0682250b6cf8331b7ee68fd8",
        "is_verified": false,
        "line_number": 229
      },
      {
        "type": "Secret Keyword",
        "filename": "docs/onboarding/README.md",
        "hashed_secret": "49efef5f70d47adc2db2eb397fbef5f7bc560e29",
        "is_verified": false,
        "line_number": 408
      }
    ],
    "docs/policies/API_RESPONSE_STANDARD.md": [
      {
        "type": "Secret Keyword",
        "filename": "docs/policies/API_RESPONSE_STANDARD.md",
        "hashed_secret": "a616a64c0fbc30f12287d0f24f3b90dd2e6a206e",
        "is_verified": false,
        "line_number": 423
      },
      {
        "type": "Secret Keyword",
        "filename": "docs/policies/API_RESPONSE_STANDARD.md",
        "hashed_secret": "6993a3fd94a012ab50fb6b9e97ec238310f0b177",
        "is_verified": false,
        "line_number": 477
      },
      {
        "type": "Secret Keyword",
        "filename": "docs/policies/API_RESPONSE_STANDARD.md",
        "hashed_secret": "52dcc83ec1e54426ad58a64854d1eb8d5f5d9685",
        "is_verified": false,
        "line_number": 478
      },
      {
        "type": "Hex High Entropy String",
        "filename": "docs/policies/API_RESPONSE_STANDARD.md",
        "hashed_secret": "90bd1b48e958257948487b90bee080ba5ed00caa",
        "is_verified": false,
        "line_number": 567
      }
    ],
    "docs/policies/CONFIGURATION.md": [
      {
        "type": "Basic Auth Credentials",
        "filename": "docs/policies/CONFIGURATION.md",
        "hashed_secret": "26ccb43af6091332bc559ef7d927b38388ed0f8a",
        "is_verified": false,
        "line_number": 268
      },
      {
        "type": "Basic Auth Credentials",
        "filename": "docs/policies/CONFIGURATION.md",
        "hashed_secret": "5baa61e4c9b93f3f0682250b6cf8331b7ee68fd8",
        "is_verified": false,
        "line_number": 316
      },
      {
        "type": "Basic Auth Credentials",
        "filename": "docs/policies/CONFIGURATION.md",
        "hashed_secret": "564e340cd48437d2dfe876ee154cc99dc4d0d137",
        "is_verified": false,
        "line_number": 551
      }
    ],
    "frontend/src/utils/pluginSecrets.js": [
      {
        "type": "Secret Keyword",
        "filename": "frontend/src/utils/pluginSecrets.js",
        "hashed_secret": "1615307cc4523f183e777df67f168c86908e8007",
        "is_verified": false,
        "line_number": 31
      }
    ],
    "frontend/tests/playwright.config.ts": [
      {
        "type": "Basic Auth Credentials",
        "filename": "frontend/tests/playwright.config.ts",
        "hashed_secret": "5baa61e4c9b93f3f0682250b6cf8331b7ee68fd8",
        "is_verified": false,
        "line_number": 8
      },
      {
        "type": "Secret Keyword",
        "filename": "frontend/tests/playwright.config.ts",
        "hashed_secret": "5baa61e4c9b93f3f0682250b6cf8331b7ee68fd8",
        "is_verified": false,
        "line_number": 19
      }
    ],
    "plugins/shu_secret_test/plugin.py": [
      {
        "type": "Secret Keyword",
        "filename": "plugins/shu_secret_test/plugin.py",
        "hashed_secret": "f213b6b4302982b562fc1af45fa1cb4dee96d28c",
        "is_verified": false,
        "line_number": 53
      },
      {
        "type": "Secret Keyword",
        "filename": "plugins/shu_secret_test/plugin.py",
        "hashed_secret": "4134038e8fe461d19570337780a7171131bd67cd",
        "is_verified": false,
        "line_number": 58
      },
      {
        "type": "Secret Keyword",
        "filename": "plugins/shu_secret_test/plugin.py",
        "hashed_secret": "665b1e3851eefefa3fb878654292f16597d25155",
        "is_verified": false,
        "line_number": 100
      },
      {
        "type": "Secret Keyword",
        "filename": "plugins/shu_secret_test/plugin.py",
        "hashed_secret": "6960b7ab39483c678a994c593b4fc99e6656cfa4",
        "is_verified": false,
        "line_number": 118
      },
      {
        "type": "Secret Keyword",
        "filename": "plugins/shu_secret_test/plugin.py",
        "hashed_secret": "317f1e761f2faa8da781a4762b9dcc2c5cad209a",
        "is_verified": false,
        "line_number": 128
      },
      {
        "type": "Secret Keyword",
        "filename": "plugins/shu_secret_test/plugin.py",
        "hashed_secret": "12dea96fec20593566ab75692c9949596833adc9",
        "is_verified": false,
        "line_number": 130
      }
    ],
    "plugins/test_capdeny/plugin.py": [
      {
        "type": "Secret Keyword",
        "filename": "plugins/test_capdeny/plugin.py",
        "hashed_secret": "aa5cff7d9c917c4b6ab8ad5db9f91137320d4f7f",
        "is_verified": false,
        "line_number": 30
      }
    ],
    "plugins/test_hostcaps/plugin.py": [
      {
        "type": "Secret Keyword",
        "filename": "plugins/test_hostcaps/plugin.py",
        "hashed_secret": "ec71d4b533715c26e82c361a03ea214ad2830e87",
        "is_verified": false,
        "line_number": 30
      }
    ]
  },
  "generated_at": "2026-02-04T17:56:41Z"
}
